// Jest Snapshot v1, https://goo.gl/fbAQLP

exports[`PageWrapper component renders correctly 1`] = `
<div
  className="page-wrapper"
>
  children
</div>
`;
